0000000000000000 a __start__
0000000000000000 T _start
0000000000000000 b _TLS_MODULE_BASE_
0000000000000000 0000000000000004 b g_fsPriority
0000000000000004 0000000000000004 b fsdev_last_result
0000000000000008 0000000000000401 B __nx_dev_path_buf
00000000000000e0 T __nx_exit
00000000000000f0 T __nx_mod0
0000000000000140 0000000000000034 T exit
0000000000000180 00000000000006bc T main
0000000000000840 t __do_global_dtors_aux
00000000000008a0 t frame_dummy
00000000000008d0 0000000000000120 t fill_audio
00000000000009f0 00000000000001d4 t draw_triangle.isra.0
0000000000000bd0 00000000000000e4 t decode_the_frame
0000000000000cc0 0000000000000154 t frame_buffercheck.part.0.constprop.0
0000000000000e20 0000000000000008 T mpg123_init
0000000000000e30 0000000000000004 T mpg123_exit
0000000000000e40 0000000000000090 T mpg123_parnew
0000000000000ed0 0000000000000010 T mpg123_new
0000000000000ee0 0000000000000180 T mpg123_par
0000000000001060 00000000000000b0 T mpg123_param
0000000000001110 0000000000000004 T mpg123_param2
0000000000001120 00000000000001e4 T INT123_decode_update
0000000000001310 00000000000001b8 t get_next_frame
00000000000014d0 0000000000000100 t do_the_seek
00000000000015d0 0000000000000064 T mpg123_feed
0000000000001640 000000000000019c T mpg123_decode
00000000000017e0 0000000000000018 T mpg123_read
0000000000001800 000000000000008c T mpg123_getformat2
0000000000001890 0000000000000008 T mpg123_getformat
00000000000018a0 00000000000000d8 T mpg123_tell
0000000000001980 00000000000001e0 T mpg123_scan
0000000000001b60 00000000000001f4 T mpg123_seek
0000000000001d60 0000000000000064 T mpg123_close
0000000000001dd0 0000000000000038 T mpg123_open
0000000000001e10 0000000000000028 T mpg123_delete
0000000000001e40 0000000000000014 T INT123_fi_init
0000000000001e60 0000000000000028 T INT123_fi_exit
0000000000001e90 00000000000001a0 T INT123_fi_resize
0000000000002030 0000000000000194 T INT123_fi_add
00000000000021d0 0000000000000010 T INT123_fi_reset
00000000000021e0 0000000000000008 T INT123_init_icy
00000000000021f0 0000000000000020 T INT123_clear_icy
0000000000002210 0000000000000018 T INT123_reset_icy
0000000000002230 00000000000001c4 T INT123_ntom_val
0000000000002400 000000000000015c T INT123_synth_ntom_set_step
0000000000002560 000000000000001c T INT123_ntom_set_ntom
0000000000002580 000000000000002c T INT123_ntom_frame_outsamples
00000000000025b0 0000000000000170 T INT123_ntom_frmouts
0000000000002720 0000000000000130 T INT123_ntom_ins2outs
0000000000002850 000000000000012c T INT123_ntom_frameoff
0000000000002980 000000000000000c T mpg123_init_string
0000000000002990 0000000000000028 T mpg123_free_string
00000000000029c0 0000000000000094 T mpg123_resize_string
0000000000002a60 000000000000002c T mpg123_grow_string
0000000000002a90 000000000000006c T mpg123_move_string
0000000000002b00 0000000000000050 T mpg123_same_string
0000000000002b50 0000000000000010 T INT123_safe_realloc
0000000000002b60 000000000000073c t decode_header
00000000000032a0 0000000000000094 t forget_head_shift
0000000000003340 00000000000000a4 t getbits.constprop.0
00000000000033f0 0000000000000018 T INT123_frame_freq
0000000000003410 00000000000000bc T INT123_set_pointer
00000000000034d0 0000000000000024 T INT123_compute_bpf
0000000000003500 0000000000001a54 T INT123_read_frame
0000000000004f60 00000000000000ec t frame_fuzzy_find.constprop.0
0000000000005050 000000000000006c T mpg123_reset_eq
00000000000050c0 00000000000000e0 T INT123_frame_outbuffer
00000000000051a0 00000000000000a8 T INT123_frame_index_setup
0000000000005250 000000000000015c T INT123_frame_buffers
00000000000053b0 0000000000000084 T INT123_frame_buffers_reset
0000000000005440 0000000000000068 T INT123_frame_fill_toc
00000000000054b0 00000000000000ac T INT123_frame_exit
0000000000005560 00000000000000cc T INT123_frame_index_find
0000000000005630 000000000000006c T INT123_frame_ins2outs
00000000000056a0 0000000000000080 T INT123_frame_outs
0000000000005720 0000000000000078 T INT123_frame_expect_outsamples
00000000000057a0 0000000000000080 T INT123_frame_offset
0000000000005820 0000000000000060 T INT123_frame_gapless_init
0000000000005880 0000000000000154 t frame_fixed_reset
00000000000059e0 00000000000001a4 T INT123_frame_init_par
0000000000005b90 000000000000003c T INT123_frame_reset
0000000000005bd0 0000000000000058 T INT123_frame_gapless_realinit
0000000000005c30 00000000000000cc T INT123_frame_gapless_update
0000000000005d00 0000000000000118 T INT123_frame_set_frameseek
0000000000005e20 0000000000000020 T INT123_frame_skip
0000000000005e40 0000000000000088 T INT123_frame_set_seek
0000000000005ed0 0000000000000150 T INT123_do_rva
0000000000006020 0000000000000190 t conv_s16_to_s32
00000000000061b0 0000000000000280 t cap_fit
0000000000006430 0000000000000184 t enc_chan_fit
00000000000065c0 0000000000000050 T mpg123_encsize
0000000000006610 0000000000000c30 T INT123_frame_output_format
0000000000007240 00000000000002c8 T mpg123_fmt_all
0000000000007510 0000000000000010 T INT123_invalidate_format
0000000000007520 0000000000000018 T INT123_decoder_synth_bytes
0000000000007540 0000000000000018 T INT123_samples_to_bytes
0000000000007560 0000000000000018 T INT123_bytes_to_samples
0000000000007580 0000000000000044 T INT123_outblock_bytes
00000000000075d0 0000000000000700 T swap_endian
0000000000007cd0 0000000000001620 T INT123_postprocess_buffer
00000000000092f0 0000000000000180 t next_text
0000000000009470 0000000000000250 t promote_framename
00000000000096c0 00000000000006fc t convert_utf16bom
0000000000009dc0 0000000000000328 t convert_latin1
000000000000a0f0 0000000000000064 t convert_utf8
000000000000a160 0000000000000364 t add_id3_text
000000000000a4d0 0000000000000044 T INT123_init_id3
000000000000a520 00000000000002e8 T INT123_exit_id3
000000000000a810 0000000000000018 T INT123_reset_id3
000000000000a830 0000000000000200 T INT123_id3_to_utf8
000000000000aa30 0000000000000134 t store_id3_text.part.0
000000000000ab70 0000000000000120 T store_id3v2
000000000000ac90 00000000000021d0 T INT123_parse_new_id3
000000000000ce60 0000000000000050 t synth_stereo_wrap
000000000000ceb0 0000000000000008 T INT123_defdec
000000000000cec0 0000000000000020 T INT123_decclass
000000000000cee0 0000000000000368 T INT123_set_synth_functions
000000000000d250 0000000000000124 T INT123_dectype
000000000000d380 0000000000000114 T INT123_frame_cpu_opt
000000000000d4a0 0000000000000008 t nix_lseek
000000000000d4b0 00000000000000bc t plain_fullread
000000000000d570 0000000000000050 t generic_head_read
000000000000d5c0 0000000000000054 t generic_head_shift
000000000000d620 000000000000002c t generic_read_frame_body
000000000000d650 000000000000003c t generic_tell
000000000000d690 000000000000004c t feed_skip_bytes
000000000000d6e0 0000000000000008 t feed_seek_frame
000000000000d6f0 0000000000000014 t bad_init
000000000000d710 0000000000000004 t bad_close
000000000000d720 0000000000000014 t bad_fullread
000000000000d740 0000000000000014 t bad_head_read
000000000000d760 0000000000000014 t bad_skip_bytes
000000000000d780 0000000000000014 t bad_read_frame_body
000000000000d7a0 0000000000000014 t bad_back_bytes
000000000000d7c0 0000000000000014 t bad_tell
000000000000d7e0 0000000000000038 t plain_read
000000000000d820 0000000000000154 t bc_give
000000000000d980 0000000000000024 t feed_read
000000000000d9b0 000000000000013c t bc_add
000000000000daf0 0000000000000398 t icy_fullread
000000000000de90 000000000000020c t buffered_fullread
000000000000e0a0 00000000000000e4 t stream_seek_frame
000000000000e190 0000000000000004 t posix_lseek
000000000000e1a0 0000000000000004 t posix_read
000000000000e1b0 00000000000000d4 t buffered_forget
000000000000e290 0000000000000034 t io_seek
000000000000e2d0 0000000000000070 t stream_rewind
000000000000e340 000000000000012c t stream_skip_bytes
000000000000e470 000000000000004c t stream_back_bytes
000000000000e4c0 00000000000002ec t default_init
000000000000e7b0 0000000000000014 t bad_head_shift
000000000000e7d0 0000000000000014 t bad_seek_frame
000000000000e7f0 0000000000000004 t bad_rewind
000000000000e800 00000000000002dc t bc_fill_pool.isra.0
000000000000eae0 000000000000004c t feed_init
000000000000eb30 0000000000000078 t bc_reset
000000000000ebb0 0000000000000064 t stream_close
000000000000ec20 0000000000000064 t feed_back_bytes
000000000000ec90 0000000000000008 T INT123_bc_poolsize
000000000000eca0 0000000000000024 T INT123_bc_prepare
000000000000ecd0 00000000000000e4 T INT123_bc_cleanup
000000000000edc0 0000000000000058 T INT123_feed_more
000000000000ee20 0000000000000050 T INT123_open_bad
000000000000ee70 0000000000000114 T INT123_open_stream
000000000000ef90 00000000000002e4 T INT123_make_decode_tables
000000000000f280 0000000000000a84 T INT123_make_conv16to8_table
000000000000fd10 00000000000000c0 t getbits
000000000000fdd0 0000000000002318 T INT123_do_layer1
00000000000120f0 00000000000000c0 t getbits
00000000000121b0 0000000000000120 T INT123_init_layer12_stuff
00000000000122d0 0000000000000064 T INT123_init_layer12_table
0000000000012340 0000000000001b34 T INT123_do_layer2
0000000000013e80 00000000000002bc t III_get_scale_factors_2
0000000000014140 00000000000003b8 t dct12
0000000000014500 00000000000000c0 t getbits
00000000000145c0 00000000000017a4 t III_dequantize_sample
0000000000015d70 00000000000013c4 t III_get_scale_factors_1.isra.0
0000000000017140 0000000000000028 T INT123_init_layer3_gainpow2
0000000000017170 0000000000000478 T INT123_init_layer3_stuff
00000000000175f0 0000000000000554 T INT123_dct36
0000000000017b50 00000000000035d8 T INT123_do_layer3
000000000001b130 00000000000003bc T INT123_synth_1to1_8bit
000000000001b4f0 00000000000000bc T INT123_synth_1to1_8bit_mono
000000000001b5b0 000000000000008c T INT123_synth_1to1_8bit_m2s
000000000001b640 0000000000000140 T INT123_synth_1to1_8bit_wrap
000000000001b780 000000000000011c T INT123_synth_1to1_8bit_wrap_mono
000000000001b8a0 0000000000000198 T INT123_synth_1to1_8bit_wrap_m2s
000000000001ba40 00000000000003bc T INT123_synth_2to1_8bit
000000000001be00 00000000000000d4 T INT123_synth_2to1_8bit_mono
000000000001bee0 00000000000000bc T INT123_synth_2to1_8bit_m2s
000000000001bfa0 0000000000000490 T INT123_synth_4to1_8bit
000000000001c430 0000000000000094 T INT123_synth_4to1_8bit_mono
000000000001c4d0 000000000000007c T INT123_synth_4to1_8bit_m2s
000000000001c550 00000000000008d0 T INT123_synth_ntom_8bit
000000000001ce20 000000000000015c T INT123_synth_ntom_8bit_mono
000000000001cf80 0000000000000148 T INT123_synth_ntom_8bit_m2s
000000000001d0d0 0000000000000394 T INT123_synth_1to1
000000000001d470 00000000000000bc T INT123_synth_1to1_mono
000000000001d530 000000000000008c T INT123_synth_1to1_m2s
000000000001d5c0 0000000000000394 T INT123_synth_2to1
000000000001d960 00000000000000d4 T INT123_synth_2to1_mono
000000000001da40 00000000000000bc T INT123_synth_2to1_m2s
000000000001db00 0000000000000874 T INT123_synth_4to1
000000000001e380 0000000000000094 T INT123_synth_4to1_mono
000000000001e420 000000000000007c T INT123_synth_4to1_m2s
000000000001e4a0 0000000000000be4 T INT123_synth_ntom
000000000001f090 0000000000000158 T INT123_synth_ntom_mono
000000000001f1f0 000000000000013c T INT123_synth_ntom_m2s
000000000001f330 00000000000003bc T INT123_synth_1to1_s32
000000000001f6f0 00000000000000bc T INT123_synth_1to1_s32_mono
000000000001f7b0 000000000000008c T INT123_synth_1to1_s32_m2s
000000000001f840 00000000000003bc T INT123_synth_2to1_s32
000000000001fc00 00000000000000d4 T INT123_synth_2to1_s32_mono
000000000001fce0 00000000000000bc T INT123_synth_2to1_s32_m2s
000000000001fda0 00000000000008d4 T INT123_synth_4to1_s32
0000000000020680 0000000000000094 T INT123_synth_4to1_s32_mono
0000000000020720 000000000000007c T INT123_synth_4to1_s32_m2s
00000000000207a0 0000000000000c1c T INT123_synth_ntom_s32
00000000000213c0 0000000000000158 T INT123_synth_ntom_s32_mono
0000000000021520 000000000000013c T INT123_synth_ntom_s32_m2s
0000000000021660 000000000000035c T INT123_synth_1to1_real
00000000000219c0 00000000000000bc T INT123_synth_1to1_real_mono
0000000000021a80 000000000000008c T INT123_synth_1to1_real_m2s
0000000000021b10 000000000000035c T INT123_synth_2to1_real
0000000000021e70 00000000000000d4 T INT123_synth_2to1_real_mono
0000000000021f50 00000000000000bc T INT123_synth_2to1_real_m2s
0000000000022010 000000000000064c T INT123_synth_4to1_real
0000000000022660 0000000000000094 T INT123_synth_4to1_real_mono
0000000000022700 000000000000007c T INT123_synth_4to1_real_m2s
0000000000022780 0000000000000598 T INT123_synth_ntom_real
0000000000022d20 0000000000000158 T INT123_synth_ntom_real_mono
0000000000022e80 000000000000013c T INT123_synth_ntom_real_m2s
0000000000022fc0 0000000000000008 T INT123_compat_open
0000000000022fd0 0000000000000004 T INT123_compat_close
0000000000022fe0 0000000000000610 T INT123_dct64
00000000000235f0 00000000000000b8 T INT123_do_equalizer
00000000000236c0 000000000000018c T sinf
0000000000023860 00000000000001b0 T log
0000000000023a20 0000000000000034 t with_errno
0000000000023a60 0000000000000018 t xflow
0000000000023a80 000000000000000c t __math_uflow
0000000000023aa0 000000000000000c t __math_oflow
0000000000023ac0 0000000000000020 t __math_divzero
0000000000023ae0 0000000000000020 t __math_invalid
0000000000023b00 0000000000000014 t __math_check_uflow
0000000000023b20 0000000000000020 t __math_check_oflow
0000000000023b40 0000000000000034 t with_errnof
0000000000023b80 0000000000000020 t __math_invalidf
0000000000023ba0 00000000000001b4 T cosf
0000000000023d60 0000000000000170 T exp
0000000000023ed0 0000000000000018 t _appletInfiniteSleepLoop
0000000000023ef0 0000000000000108 t _appletCmdGetSession
0000000000024000 00000000000000cc t _appletCmdInU8NoOut
00000000000240d0 00000000000000cc t _appletCmdInU32NoOut
00000000000241a0 000000000000012c t _appletGetSessionProxy.constprop.0
00000000000242d0 0000000000000148 t _appletOpenLibraryAppletProxy.constprop.0
0000000000024420 00000000000000f8 t _appletCmdGetEvent
0000000000024520 00000000000000d4 t _appletCmdNoInOutU8.isra.0
0000000000024600 00000000000000d4 t _appletCmdNoInOutU32.isra.0
00000000000246e0 00000000000000d4 t _appletCmdNoInOutU64.isra.0
00000000000247c0 00000000000000c0 t _appletCmdNoIO.isra.0
0000000000024880 0000000000000010 T appletGetAppletType
0000000000024890 00000000000001b8 T appletSetFocusHandlingMode
0000000000024a50 000000000000005c T appletSetCpuBoostMode
0000000000024ab0 000000000000002c T appletCreateManagedDisplayLayer
0000000000024ae0 000000000000000c T appletGetAppletResourceUserId
0000000000024af0 0000000000000138 t _appletHolderCreateState
0000000000024c30 00000000000000b0 T appletHolderClose
0000000000024ce0 0000000000000024 T appletHolderGetLibraryAppletInfo
0000000000024d10 0000000000000090 T appletNotifyRunning
0000000000024da0 0000000000000078 T appletSetGamePlayRecordingState
0000000000024e20 0000000000000ad4 t _appletCleanup
0000000000025900 0000000000000048 T appletExit
0000000000025950 0000000000000040 T appletGetLibraryAppletInfo
0000000000025990 0000000000000c14 T appletInitialize
00000000000265b0 0000000000000024 t _appletExitProcess
00000000000265e0 0000000000000074 T appletGetMessage
0000000000026660 0000000000000264 T appletProcessMessage
00000000000268d0 0000000000000034 T appletMainLoop
0000000000026910 0000000000000104 t _audoutCleanup
0000000000026a20 00000000000000bc t _audoutCmdNoIO.constprop.0
0000000000026ae0 0000000000000048 T audoutExit
0000000000026b30 000000000000000c T audoutGetSampleRate
0000000000026b40 000000000000000c T audoutGetChannelCount
0000000000026b50 00000000000002b8 T audoutOpenAudioOut
0000000000026e10 00000000000001e0 T audoutInitialize
0000000000026ff0 0000000000000008 T audoutStartAudioOut
0000000000027000 0000000000000008 T audoutStopAudioOut
0000000000027010 00000000000001c8 T audoutAppendAudioOutBuffer
00000000000271e0 000000000000018c T audoutGetReleasedAudioOutBuffer
0000000000027370 00000000000000cc t _smCmifCmdInPid
0000000000027440 0000000000000078 t _smCleanup
00000000000274c0 0000000000000048 T smAddOverrideHandle
0000000000027510 0000000000000054 T smGetServiceOverride
0000000000027570 00000000000001ac T smInitialize
0000000000027720 0000000000000048 T smExit
0000000000027770 00000000000000d0 T smGetServiceOriginal
0000000000027840 0000000000000120 T smGetServiceWrapper
0000000000027960 000000000000000c T nwindowGetDefault
0000000000027970 00000000000000a4 T __nx_win_init
0000000000027a20 0000000000000034 T __nx_win_exit
0000000000027a60 000000000000008c T framebufferMakeLinear
0000000000027af0 0000000000000084 T framebufferClose
0000000000027b80 0000000000000290 T framebufferCreate
0000000000027e10 000000000000007c T framebufferBegin
0000000000027e90 0000000000000198 T framebufferEnd
0000000000028030 0000000000000024 T nwindowIsValid
0000000000028060 000000000000007c T nwindowClose
00000000000280e0 00000000000000f8 T nwindowCreate
00000000000281e0 0000000000000038 T nwindowCreateFromLayer
0000000000028220 0000000000000084 T nwindowSetDimensions
00000000000282b0 0000000000000180 T nwindowConfigureBuffer
0000000000028430 00000000000001cc T nwindowDequeueBuffer
0000000000028600 000000000000012c T nwindowQueueBuffer
0000000000028730 00000000000000bc T nwindowReleaseBuffers
00000000000287f0 0000000000000004 W __libnx_alloc
0000000000028800 0000000000000014 W __libnx_aligned_alloc
0000000000028820 0000000000000004 W __libnx_free
0000000000028830 000000000000001c W diagAbortWithResult
0000000000028850 0000000000000208 T envSetup
0000000000028a60 0000000000000020 T envGetMainThreadHandle
0000000000028a80 000000000000000c T envIsNso
0000000000028a90 0000000000000014 T envHasHeapOverride
0000000000028ab0 000000000000000c T envGetHeapOverrideAddr
0000000000028ac0 000000000000000c T envGetHeapOverrideSize
0000000000028ad0 0000000000000014 T envHasArgv
0000000000028af0 000000000000000c T envGetArgv
0000000000028b00 000000000000000c T envGetExitFuncPtr
0000000000028b10 000000000000000c T envSetExitFuncPtr
0000000000028b20 000000000000000c T envHasRandomSeed
0000000000028b30 0000000000000010 T envGetRandomSeed
0000000000028b40 0000000000000014 T hosversionGet
0000000000028b60 0000000000000010 T hosversionSet
0000000000028b70 000000000000009c T padConfigureInput
0000000000028c10 0000000000000024 T padInitializeWithMask
0000000000028c40 000000000000029c T padUpdate
0000000000028ee0 0000000000000008 t romfs_close
0000000000028ef0 0000000000000088 t romfs_seek
0000000000028f80 000000000000001c t romfs_dirreset
0000000000028fa0 0000000000000100 t fillDir
00000000000290a0 00000000000002b0 t romfs_dirnext
0000000000029350 0000000000000150 t searchForDir
00000000000294a0 0000000000000150 t searchForFile
00000000000295f0 0000000000000150 t _romfs_read_safe
0000000000029740 00000000000000b8 t _romfs_read
0000000000029800 0000000000000080 t romfs_read
0000000000029880 00000000000000b4 t romfs_free
0000000000029940 00000000000001f4 t navigateToDir.constprop.0
0000000000029b40 0000000000000108 t romfs_open
0000000000029c50 00000000000001a0 t romfs_stat
0000000000029df0 0000000000000054 t romfs_chdir
0000000000029e50 0000000000000084 t romfs_diropen
0000000000029ee0 0000000000000008 t romfs_dirclose
0000000000029ef0 0000000000000188 t romfsFindMount
000000000002a080 0000000000000070 t romfs_fstat
000000000002a0f0 00000000000001b0 t romfsMountCommon
000000000002a2a0 0000000000000068 T romfsMountFromFile
000000000002a310 000000000000006c T romfsMountFromStorage
000000000002a380 0000000000000038 T romfsMountFromCurrentProcess
000000000002a3c0 0000000000000188 T romfsMountSelf
000000000002a550 00000000000000a8 T romfsUnmount
000000000002a5f8 T armDCacheFlush
000000000002a628 t armDCacheFlush_L0
000000000002a644 T svcSetHeapSize
000000000002a658 T svcSetMemoryPermission
000000000002a660 T svcSetMemoryAttribute
000000000002a668 T svcUnmapMemory
000000000002a670 T svcQueryMemory
000000000002a684 T svcExitProcess
000000000002a68c T svcSleepThread
000000000002a694 T svcMapSharedMemory
000000000002a69c T svcUnmapSharedMemory
000000000002a6a4 T svcCreateTransferMemory
000000000002a6b8 T svcCloseHandle
000000000002a6c0 T svcResetSignal
000000000002a6c8 T svcWaitSynchronization
000000000002a6dc T svcArbitrateLock
000000000002a6e4 T svcArbitrateUnlock
000000000002a6ec T svcWaitProcessWideKeyAtomic
000000000002a6f4 T svcSignalProcessWideKey
000000000002a6fc T svcConnectToNamedPort
000000000002a710 T svcSendSyncRequest
000000000002a718 T svcBreak
000000000002a720 T svcReturnFromException
000000000002a728 T svcGetInfo
000000000002a73c T svcUnmapTransferMemory
000000000002a744 T __aarch64_read_tp
000000000002a750 000000000000000c T eventLoadRemote
000000000002a760 0000000000000034 T eventWait
000000000002a7a0 0000000000000054 T eventClose
000000000002a800 00000000000000c8 T mutexLock
000000000002a8d0 0000000000000068 T mutexUnlock
000000000002a940 000000000000001c T mutexIsLockedByCurrentThread
000000000002a960 0000000000000050 T rmutexLock
000000000002a9b0 0000000000000018 T rmutexUnlock
000000000002a9d0 00000000000000a8 T tmemCreate
000000000002aa80 0000000000000034 T tmemUnmap
000000000002aac0 0000000000000030 T tmemCloseHandle
000000000002aaf0 000000000000009c T tmemWaitForPermission
000000000002ab90 0000000000000050 T tmemClose
000000000002abe0 0000000000000064 t _memregionInitWithInfo
000000000002ac50 0000000000000004 W __libnx_virtmem_rng
000000000002ac60 0000000000000164 t _memregionFindRandom
000000000002add0 0000000000000140 T virtmemSetup
000000000002af10 000000000000000c T virtmemLock
000000000002af20 000000000000000c T virtmemUnlock
000000000002af30 0000000000000050 T virtmemFindAslr
000000000002af80 000000000000057c T waitObjects
000000000002b500 00000000000000d4 t _apmCleanup
000000000002b5e0 0000000000000194 T apmInitialize
000000000002b780 0000000000000048 T apmExit
000000000002b7d0 00000000000000c8 T apmSetPerformanceConfiguration
000000000002b8a0 00000000000000b4 t _fsCleanup
000000000002b960 00000000000001c0 t _fsCmdNoIO
000000000002bb20 00000000000001e0 t _fsFsCmdWithInPath
000000000002bd00 00000000000001f8 t _fsFsCmdWithTwoInPaths
000000000002bf00 000000000000028c t _fsFsOpenCommon
000000000002c190 00000000000001fc t _fsFsCmdWithInPathAndOutU64
000000000002c390 00000000000000f8 t _fsObjectClose
000000000002c490 000000000000017c t _fsCmdGetSession.constprop.0
000000000002c610 00000000000002f8 T fsInitialize
000000000002c910 0000000000000048 T fsExit
000000000002c960 0000000000000008 T fsOpenSdCardFileSystem
000000000002c970 0000000000000008 T fsOpenDataStorageByCurrentProcess
000000000002c980 00000000000001ec T fsFsCreateFile
000000000002cb70 0000000000000008 T fsFsDeleteFile
000000000002cb80 0000000000000008 T fsFsCreateDirectory
000000000002cb90 0000000000000008 T fsFsDeleteDirectory
000000000002cba0 0000000000000008 T fsFsRenameFile
000000000002cbb0 0000000000000008 T fsFsRenameDirectory
000000000002cbc0 00000000000001f0 T fsFsGetEntryType
000000000002cdb0 0000000000000008 T fsFsOpenFile
000000000002cdc0 0000000000000008 T fsFsOpenDirectory
000000000002cdd0 0000000000000008 T fsFsGetFreeSpace
000000000002cde0 0000000000000008 T fsFsGetTotalSpace
000000000002cdf0 0000000000000230 T fsFsGetFileTimeStampRaw
000000000002d020 0000000000000004 T fsFsClose
000000000002d030 0000000000000214 T fsFileRead
000000000002d250 00000000000001f8 T fsFileWrite
000000000002d450 0000000000000008 T fsFileFlush
000000000002d460 00000000000001c0 T fsFileSetSize
000000000002d460 00000000000001c0 t fsFileSetSize.localalias
000000000002d620 00000000000001d4 T fsFileGetSize
000000000002d620 00000000000001d4 t fsFileGetSize.localalias
000000000002d800 0000000000000004 T fsFileClose
000000000002d810 0000000000000004 T fsDirClose
000000000002d820 0000000000000204 T fsDirRead
000000000002da30 00000000000001e8 T fsStorageRead
000000000002dc20 0000000000000004 T fsStorageClose
000000000002dc30 000000000000012c t _hidCleanup
000000000002dd60 00000000000000d4 t _hidCmdInAruidNoOut
000000000002de40 00000000000000e0 t _hidCmdInU32AruidNoOut
000000000002df20 0000000000000194 t _hidGetStates
000000000002e0c0 000000000000026c T hidInitialize
000000000002e330 0000000000000048 T hidExit
000000000002e380 000000000000000c T hidGetSharedmemAddr
000000000002e390 0000000000000090 T hidGetNpadStyleSet
000000000002e420 0000000000000084 T hidInitializeNpad
000000000002e4b0 00000000000000a4 T hidGetNpadStatesFullKey
000000000002e560 00000000000000a4 T hidGetNpadStatesHandheld
000000000002e610 00000000000000a4 T hidGetNpadStatesJoyDual
000000000002e6c0 00000000000000a4 T hidGetNpadStatesJoyLeft
000000000002e770 00000000000000a4 T hidGetNpadStatesJoyRight
000000000002e820 0000000000000144 T hidGetNpadStatesGc
000000000002e970 00000000000000a8 T hidGetNpadStatesSystemExt
000000000002ea20 0000000000000008 T hidSetSupportedNpadStyleSet
000000000002ea30 0000000000000100 T hidSetSupportedNpadIdType
000000000002eb30 00000000000000d0 t _nvCleanup
000000000002ec00 00000000000000d4 t _nvCmdInitialize.constprop.0
000000000002ece0 0000000000000018 W __nx_nv_create_tmem
000000000002ed00 00000000000003a8 T nvInitialize
000000000002f0b0 0000000000000048 T nvExit
000000000002f100 00000000000000f4 T nvConvertError
000000000002f200 0000000000000114 T nvOpen
000000000002f320 0000000000000310 T nvIoctl
000000000002f630 00000000000000d4 T nvClose
000000000002f710 000000000000010c T nvQueryEvent
000000000002f820 0000000000000230 t _viCleanup
000000000002fa50 0000000000000100 t _viCmdGetSessionNoParams.constprop.0
000000000002fb50 0000000000000368 T viInitialize
000000000002fec0 0000000000000048 T viExit
000000000002ff10 000000000000000c T viGetSession_IHOSBinderDriverRelay
000000000002ff20 000000000000010c T viOpenDisplay
0000000000030030 00000000000000ec T viCloseDisplay
0000000000030120 00000000000000f4 T viCloseLayer
0000000000030220 0000000000000394 T viCreateLayer
00000000000305c0 00000000000000d8 T viSetLayerScalingMode
00000000000306a0 0000000000000074 t _nvFenceCleanup
0000000000030720 0000000000000098 T nvFenceInit
00000000000307c0 0000000000000048 T nvFenceExit
0000000000030810 0000000000000290 T nvFenceWait
0000000000030aa0 000000000000007c T nvMultiFenceWait
0000000000030b20 00000000000000ac T nvMapInit
0000000000030bd0 0000000000000074 T nvMapExit
0000000000030c50 000000000000008c T nvMapClose
0000000000030ce0 0000000000000160 T nvMapCreate
0000000000030e40 0000000000000024 T nvioctlNvhostCtrl_EventSignal
0000000000030e70 000000000000003c T nvioctlNvhostCtrl_EventWait
0000000000030eb0 0000000000000028 T nvioctlNvhostCtrl_EventWaitAsync
0000000000030ee0 0000000000000024 T nvioctlNvhostCtrl_EventRegister
0000000000030f10 0000000000000024 T nvioctlNvhostCtrl_EventUnregister
0000000000030f40 000000000000003c T nvioctlNvmap_Create
0000000000030f80 0000000000000030 T nvioctlNvmap_Alloc
0000000000030fb0 0000000000000030 T nvioctlNvmap_Free
0000000000030fe0 000000000000003c T nvioctlNvmap_GetId
0000000000031020 000000000000001c T binderCreate
0000000000031040 000000000000035c T binderTransactParcel
00000000000313a0 00000000000000e8 T binderConvertErrorCode
0000000000031490 0000000000000124 T binderAdjustRefcount
00000000000315c0 000000000000009c T binderInitSession
0000000000031660 000000000000005c T binderClose
00000000000316c0 0000000000000154 T binderGetNativeHandle
0000000000031820 00000000000000c8 T bqRequestBuffer
00000000000318f0 0000000000000128 T bqDequeueBuffer
0000000000031a20 00000000000000c8 T bqQueueBuffer
0000000000031af0 0000000000000084 T bqCancelBuffer
0000000000031b80 00000000000000d0 T bqConnect
0000000000031c50 0000000000000088 T bqDisconnect
0000000000031ce0 0000000000000194 T bqSetPreallocatedBuffer
0000000000031e80 0000000000000030 T parcelCreate
0000000000031eb0 0000000000000174 T parcelTransact
0000000000032030 0000000000000080 T parcelWriteData
00000000000320b0 0000000000000088 T parcelReadData
0000000000032140 0000000000000020 T parcelWriteInt32
0000000000032160 0000000000000020 T parcelWriteUInt32
0000000000032180 000000000000007c T parcelWriteString16
0000000000032200 0000000000000030 T parcelWriteInterfaceToken
0000000000032230 0000000000000024 T parcelReadInt32
0000000000032260 0000000000000068 T parcelReadFlattenedObject
00000000000322d0 0000000000000044 T parcelWriteFlattenedObject
0000000000032320 0000000000000314 W argvSetup
0000000000032640 00000000000001fc T __nx_dynamic
0000000000032840 00000000000000d0 W __libnx_initheap
0000000000032910 00000000000000ec W __appInit
0000000000032a00 0000000000000044 W __appExit
0000000000032a50 000000000000002c W __libnx_init
0000000000032a80 000000000000001c W __libnx_exit
0000000000032aa0 000000000000001c T __syscall_exit
0000000000032ac0 0000000000000034 T __syscall_getreent
0000000000032b00 0000000000000004 T __syscall_lock_acquire
0000000000032b10 0000000000000004 T __syscall_lock_release
0000000000032b20 0000000000000004 T __syscall_lock_acquire_recursive
0000000000032b30 0000000000000004 T __syscall_lock_release_recursive
0000000000032b40 000000000000025c T __libnx_init_time
0000000000032da0 0000000000000088 T __syscall_gettod_r
0000000000032e30 0000000000000098 T newlibSetup
0000000000032ed0 00000000000000e8 T nxlinkSetup
0000000000032fc0 0000000000000010 t fsdev_link
0000000000032fd0 0000000000000010 t fsdev_dirreset
0000000000032fe0 0000000000000010 t fsdev_chmod
0000000000032ff0 0000000000000018 t error_cmp
0000000000033010 0000000000000020 t fsdev_dirclose
0000000000033030 000000000000001c t fsdev_close
0000000000033050 0000000000000074 t fsdev_converttimetoutc
00000000000330d0 00000000000000f8 t fsdevFindDevice.part.0
00000000000331d0 00000000000001cc t fsdev_fixpath
00000000000333a0 000000000000009c t _fsdevUnmountDeviceStruct.part.0
0000000000033440 0000000000000010 t fsdev_fchmod
0000000000033450 0000000000000100 t fsdev_diropen
0000000000033550 00000000000000f8 t fsdev_statvfs
0000000000033650 000000000000007c t fsdev_fsync
00000000000336d0 00000000000000ec t fsdev_fstat
00000000000337c0 0000000000000094 t fsdev_ftruncate
0000000000033860 00000000000001d8 t fsdev_stat
0000000000033a40 000000000000014c t fsdev_rename
0000000000033b90 000000000000013c t fsdev_chdir
0000000000033cd0 00000000000000a4 t fsdev_rmdir
0000000000033d80 00000000000000a4 t fsdev_mkdir
0000000000033e30 00000000000000a4 t fsdev_unlink
0000000000033ee0 000000000000013c t fsdev_write_safe
0000000000034020 0000000000000134 t fsdev_read_safe
0000000000034160 0000000000000100 t fsdev_read
0000000000034260 00000000000001d4 t fsdev_dirnext
0000000000034440 0000000000000124 t fsdev_write
0000000000034570 0000000000000110 t fsdev_seek
0000000000034680 0000000000000230 t fsdev_open
00000000000348b0 0000000000000324 T fsdevMountDevice
0000000000034be0 0000000000000040 T fsdevMountSdmc
0000000000034c20 00000000000000bc T __libnx_init_cwd
0000000000034ce0 0000000000000064 T fsdevUnmountAll
0000000000034d50 0000000000000084 T fsdevTranslatePath
0000000000034de0 0000000000000128 T decode_utf8
0000000000034f08 W __libnx_exception_entry
0000000000034f94 t __libnx_exception_entry_start
00000000000350bc t __libnx_exception_entry_abort
00000000000350c0 t __libnx_exception_entry_end
00000000000350c8 T __libnx_exception_returnentry
00000000000350e0 0000000000000070 T condvarWaitTimeout
0000000000035150 0000000000000410 T randomGet
0000000000035560 0000000000000020 T randomGet64
0000000000035580 0000000000000014 T shmemLoadRemote
00000000000355a0 0000000000000070 T shmemMap
0000000000035610 0000000000000034 T shmemUnmap
0000000000035650 000000000000004c T shmemClose
00000000000356a0 00000000000000b0 T __libnx_init_thread
0000000000035750 0000000000000184 T sessionmgrCreate
00000000000358e0 0000000000000084 T sessionmgrClose
0000000000035970 00000000000000a8 T sessionmgrAttachClient
0000000000035a20 0000000000000060 T sessionmgrDetachClient
0000000000035a80 00000000000000d0 t _setsysGetFirmwareVersionImpl
0000000000035b50 0000000000000078 t _setsysCleanup
0000000000035bd0 00000000000000a0 T setsysInitialize
0000000000035c70 0000000000000048 T setsysExit
0000000000035cc0 0000000000000048 T setsysGetFirmwareVersion
0000000000035d10 000000000000027c t _timeCleanup
0000000000035f90 0000000000000100 t _timeCmdGetSession.constprop.0
0000000000036090 0000000000000104 t _timeReadClockFromSharedMem
00000000000361a0 0000000000000300 T timeInitialize
00000000000364a0 0000000000000048 T timeExit
00000000000364f0 0000000000000038 T timeGetServiceSession_SystemClock
0000000000036530 00000000000000fc T timeGetCurrentTime
0000000000036630 0000000000000108 T timeToCalendarTimeWithMyRule
0000000000036740 0000000000000114 T timeToPosixTimeWithMyRule
0000000000036860 00000000000000c4 T strncat
0000000000036940 00000000000000b0 T sscanf
0000000000036a00 00000000000000cc T strchr
0000000000036ae0 0000000000000330 T _fread_r
0000000000036e20 0000000000000034 T fread
0000000000036e80 00000000000000b8 T strnlen
0000000000036f40 00000000000000b4 T bsearch
0000000000037000 000000000000008c T open
00000000000370c0 000000000000022c T memcpy
00000000000370c0 T memmove
00000000000372ec 0000000000000074 t get_arg
0000000000037360 0000000000003260 T __ssvfscanf_r
000000000003a5c0 0000000000000120 T _fopen_r
000000000003a6e0 000000000000002c T fopen
000000000003a720 0000000000000008 T atof
000000000003a740 0000000000000058 t sulp
000000000003a7a0 00000000000012f8 T _strtod_l
000000000003baa0 0000000000000040 T _strtod_r
000000000003bae0 000000000000004c T strtod
000000000003bb40 000000000000001c T close
000000000003bb60 0000000000000028 T gmtime
000000000003bba0 000000000000002c T memalign
000000000003bbe0 00000000000001a4 t _strtoull_l.isra.0
000000000003bda0 0000000000000034 T _strtoull_r
000000000003be00 0000000000000104 T memset
000000000003bf20 0000000000000074 T strcasecmp
000000000003bfa0 0000000000000110 t rshift
000000000003c0c0 0000000000000860 T __gethex
000000000003c920 00000000000001a4 t _strtoul_l.isra.0
000000000003cae0 0000000000000034 T _strtoul_r
000000000003cb20 0000000000000040 T strtoul
000000000003cb60 00000000000000d8 T _mbrtowc_r
000000000003cc40 0000000000000084 T strncasecmp
000000000003cce0 00000000000000d0 T __sccl
000000000003cdc0 000000000000002c T aligned_alloc
000000000003ce00 0000000000000418 T _strerror_r
000000000003d220 0000000000000024 T strerror
000000000003d260 000000000000018c T _memalign_r
000000000003d400 0000000000000014 T __errno
000000000003d420 00000000000000b0 T __swhatbuf_r
000000000003d4e0 00000000000000e8 T __smakebuf_r
000000000003d5e0 0000000000000034 T lseek
000000000003d640 0000000000000130 T strlen
000000000003d780 00000000000002c0 t _strtoll_l.isra.0
000000000003da40 0000000000000034 T _strtoll_r
000000000003da80 000000000000002c T __locale_mb_cur_max
000000000003dac0 00000000000000f4 T _fwrite_r
000000000003dbc0 0000000000000034 T fwrite
000000000003dc00 000000000000002c T realloc
000000000003dc40 00000000000001b4 T strncmp
000000000003de00 0000000000000840 T _malloc_r
000000000003e640 00000000000001c8 T memcmp
000000000003e820 000000000000011c T _malloc_trim_r
000000000003e940 00000000000002d8 T _free_r
000000000003ec18 00000000000000f0 T _sungetc_r
000000000003ed08 0000000000000070 T __ssrefill_r
000000000003ed78 00000000000000dc T _sfread_r
000000000003ee60 000000000000001c t stdio_exit_handler
000000000003ee80 000000000000006c t cleanup_stdio
000000000003ef00 0000000000000128 t global_stdio_init.part.0
000000000003f040 000000000000000c T __sfp_lock_acquire
000000000003f060 000000000000000c T __sfp_lock_release
000000000003f080 0000000000000130 T __sfp
000000000003f1c0 0000000000000054 T __sinit
000000000003f220 00000000000002c0 t _strtol_l.part.0
000000000003f4e0 0000000000000070 T _strtol_r
000000000003f560 00000000000000a4 T __libc_init_array
000000000003f620 00000000000000ac T strncpy
000000000003f6e0 0000000000000004 T _fseek_r
000000000003f700 0000000000000038 T malloc
000000000003f740 000000000000001c T free
000000000003f760 00000000000000f4 T _findenv_r
000000000003f860 0000000000000008 T __localeconv_l
000000000003f880 0000000000000028 T _localeconv_r
000000000003f8c0 000000000000004c T __sread
000000000003f920 0000000000000008 T __seofread
000000000003f940 0000000000000070 T __swrite
000000000003f9c0 0000000000000050 T __sseek
000000000003fa20 0000000000000008 T __sclose
000000000003fa40 0000000000000568 T _realloc_r
000000000003ffc0 000000000000000c T __malloc_lock
000000000003ffe0 000000000000000c T __malloc_unlock
0000000000040000 00000000000004c0 T _fseeko_r
00000000000404c0 0000000000000130 T _fclose_r
0000000000040600 000000000000001c T fclose
0000000000040620 0000000000000048 T time
0000000000040680 0000000000000080 T fprintf
0000000000040700 0000000000000034 T setenv
0000000000040740 000000000000002c T read
0000000000040780 0000000000000008 T _user_strerror
00000000000407a0 0000000000000004 W __call_exitprocs
00000000000407c0 00000000000000b8 T __sflags
0000000000040880 0000000000000134 T strcmp
00000000000409c0 00000000000000e0 T __utf8_wctomb
0000000000040aa0 0000000000000044 T __libc_fini_array
0000000000040b00 00000000000002a0 T gmtime_r
0000000000040da0 0000000000000048 T __match
0000000000040e00 000000000000025c T __hexnan
0000000000041060 000000000000009c T sprintf
0000000000041100 0000000000000038 t lflush
0000000000041140 0000000000000190 T __srefill_r
00000000000412e0 000000000000000c T nan
0000000000041300 000000000000000c T nanf
0000000000041320 00000000000000ac T stpncpy
00000000000413e0 000000000000000c T __env_lock
0000000000041400 000000000000000c T __env_unlock
0000000000041420 0000000000000064 T __assert_func
00000000000414a0 0000000000000008 T iswspace
00000000000414c0 00000000000000a4 T _Balloc
0000000000041580 0000000000000020 T _Bfree
00000000000415a0 0000000000000118 T __multadd
00000000000416c0 0000000000000144 T __s2b
0000000000041820 0000000000000094 T __hi0bits
00000000000418c0 0000000000000100 T __lo0bits
00000000000419c0 000000000000004c T __i2b
0000000000041a20 0000000000000210 T __multiply
0000000000041c40 0000000000000104 T __pow5mult
0000000000041d60 0000000000000174 T __lshift
0000000000041ee0 0000000000000050 T __mcmp
0000000000041f40 00000000000001c4 T __mdiff
0000000000042120 0000000000000084 T __ulp
00000000000421c0 0000000000000168 T __b2d
0000000000042340 000000000000014c T __d2b
00000000000424a0 00000000000000b0 T __ratio
0000000000042560 0000000000000074 T __copybits
00000000000425e0 0000000000000068 T __any_on
0000000000042660 0000000000000258 T _setenv_r
00000000000428c0 0000000000000098 T _fwalk_sglue
0000000000042958 0000000000000790 t get_arg
00000000000430e8 0000000000003bd4 T _vfprintf_r
0000000000046cbc 00000000000000cc t __sbprintf
0000000000046da0 00000000000000d0 T _wcrtomb_r
0000000000046e80 00000000000000b8 T __submore
0000000000046f40 00000000000000c8 T __ssprint_r
0000000000047020 00000000000002dc T __utf8_mbtowc
0000000000047300 0000000000000080 T fiprintf
0000000000047380 00000000000004a4 T __sfvwrite_r
0000000000047840 0000000000000018 T abort
0000000000047860 00000000000000bc T _calloc_r
0000000000047920 00000000000001ec T __sflush_r
0000000000047b20 00000000000000bc T _fflush_r
0000000000047be0 0000000000000038 T __sprint_r
0000000000047c20 00000000000001a4 t quorem
0000000000047de0 00000000000012f0 T _dtoa_r
00000000000490e0 0000000000000010 T _wcsrtombs_r
0000000000049100 000000000000012c T __swsetup_r
0000000000049240 0000000000000048 T iswspace_l
0000000000049288 0000000000000790 t get_arg
0000000000049a18 0000000000003a84 T _svfprintf_r
000000000004d4a0 0000000000000188 T __ssputs_r
000000000004d628 0000000000000790 t get_arg
000000000004ddb8 0000000000002964 T _vfiprintf_r
000000000005071c 00000000000000cc t __sbprintf
0000000000050800 0000000000000188 T _wcsnrtombs_l
00000000000509a0 0000000000000054 T _wcsnrtombs_r
0000000000050a00 00000000000000dc T memchr
0000000000050ae0 000000000000007c T frexp
0000000000050b60 000000000000009c T _raise_r
0000000000050c00 000000000000001c T raise
0000000000050c20 0000000000000084 T category
0000000000050cc0 0000000000000020 T _exit
0000000000050ce0 000000000000016c T chdir
0000000000050e60 0000000000000218 T _concatenate_path
0000000000051080 000000000000009c T _fstat_r
0000000000051120 0000000000000010 T _getpid_r
0000000000051140 0000000000000020 T __getreent
0000000000051160 0000000000000024 T _gettimeofday_r
00000000000511a0 00000000000000a0 T __release_handle
0000000000051240 0000000000000130 T __alloc_handle
0000000000051380 0000000000000060 T __get_handle
00000000000513e0 00000000000000f4 T _close_r
00000000000514e0 0000000000000008 t null_write
0000000000051500 0000000000000018 T setDefaultDevice
0000000000051520 00000000000000b8 T FindDevice
00000000000515e0 000000000000002c T RemoveDevice
0000000000051620 00000000000000a4 T AddDevice
00000000000516e0 0000000000000034 T GetDeviceOpTab
0000000000051720 0000000000000008 T _isatty_r
0000000000051740 0000000000000010 T _kill_r
0000000000051760 00000000000000a0 T _lseek_r
0000000000051800 00000000000000f0 T _open_r
0000000000051900 00000000000000b0 T _read_r
00000000000519c0 0000000000000078 W _sbrk_r
0000000000051a40 0000000000000014 T __libc_lock_acquire
0000000000051a60 0000000000000014 T __libc_lock_release
0000000000051a80 0000000000000014 T __libc_lock_acquire_recursive
0000000000051aa0 0000000000000014 T __libc_lock_release_recursive
0000000000051ac0 00000000000000b0 T _write_r
0000000000051b80 0000000000000134 t __extenddftf2
0000000000051cc0 0000000000000394 t __trunctfdf2
0000000000052060 0000000000000070 t __sfp_handle_exceptions
0000000000052100 0000000000000104 T strrchr
0000000000052208 T _init
0000000000052240 T _fini
0000000000056800 0000000000000060 r cube_vertices
0000000000056860 0000000000000060 r face_indices
00000000000568d8 0000000000000015 r __func__.0
00000000000568f0 000000000000001b r __func__.0
0000000000056910 0000000000000008 r __func__.1
0000000000056918 000000000000000d r __func__.2
0000000000056928 000000000000000e r __func__.3
0000000000056938 0000000000000008 r __func__.4
0000000000056940 000000000000001b r __func__.5
0000000000056960 000000000000000e r __func__.6
0000000000056970 000000000000000a r __func__.7
0000000000056980 0000000000000048 r freqs
00000000000569d0 0000000000000180 r tabsel_123
0000000000056b50 000000000000000e r __func__.0
0000000000056b60 000000000000001c r __func__.1
0000000000056b80 0000000000000014 r __func__.2
0000000000056b98 000000000000001f r __func__.3
0000000000056bb8 0000000000000012 r __func__.4
0000000000056bd0 0000000000000016 r __func__.5
0000000000056be8 0000000000000019 r __func__.6
0000000000056c08 0000000000000017 r __func__.7
0000000000056c80 0000000000000010 r __func__.0
0000000000056c90 0000000000000010 r __func__.1
0000000000056ca0 000000000000001b r __func__.2
0000000000056cc0 0000000000000030 r my_encodings
0000000000056cf0 0000000000000048 r my_rates
0000000000056d38 0000000000000010 r __func__.0
0000000000056d48 000000000000000d r __func__.1
0000000000056d58 000000000000000e r __func__.2
0000000000056d68 000000000000000f r __func__.3
0000000000056d78 0000000000000010 r __func__.4
0000000000056d88 0000000000000015 r __func__.5
0000000000056da0 000000000000000c r __func__.6
0000000000056db0 0000000000000011 r __func__.7
0000000000056dc8 0000000000000013 r __func__.8
0000000000056de0 0000000000000010 r encoding_widths
0000000000056df0 0000000000000019 r frame_type
0000000000056e10 0000000000000015 r __func__.0
0000000000056e28 000000000000000d r __func__.1
0000000000056e38 000000000000001b r __func__.2
0000000000056e58 0000000000000006 r dn_nodec
0000000000056e60 000000000000000c r dn_sse_vintage
0000000000056e70 0000000000000011 r dn_dreidnowext_vintage
0000000000056e88 000000000000000e r dn_dreidnow_vintage
0000000000056e98 0000000000000004 r dn_avx
0000000000056ea0 0000000000000007 r dn_neon64
0000000000056ea8 0000000000000005 r dn_neon
0000000000056eb0 0000000000000004 r dn_arm
0000000000056eb8 0000000000000007 r dn_x86_64
0000000000056ec0 0000000000000004 r dn_sse
0000000000056ec8 0000000000000008 r dn_altivec
0000000000056ed0 0000000000000009 r dn_dreidnowext
0000000000056ee0 0000000000000006 r dn_dreidnow
0000000000056ee8 0000000000000004 r dn_mmx
0000000000056ef0 000000000000000c r dn_ifuenf_dither
0000000000056f00 0000000000000005 r dn_ifuenf
0000000000056f08 0000000000000005 r dn_ivier
0000000000056f10 0000000000000005 r dn_idrei
0000000000056f18 000000000000000f r dn_generic_dither
0000000000056f28 0000000000000008 r dn_generic
0000000000056f30 0000000000000005 r dn_autodec
0000000000056f38 0000000000000013 r __func__.0
0000000000056f50 000000000000000d r __func__.1
0000000000056f60 000000000000000d r __func__.2
0000000000056f70 0000000000000012 r __func__.3
0000000000056f88 0000000000000011 r __func__.5
0000000000056fa0 000000000000001c r __func__.0
0000000000056fc0 0000000000000808 r intwinbase
00000000000577c8 0000000000000004 r cos4
00000000000577d0 0000000000000008 r cos8
00000000000577e0 0000000000000010 r cos16
00000000000577f0 0000000000000020 r cos32
0000000000057810 0000000000000040 r cos64
0000000000057850 0000000000000008 r __func__.0
0000000000057858 000000000000000b r __func__.1
0000000000057868 000000000000000d r __func__.2
0000000000057878 000000000000000b r __func__.3
0000000000057888 0000000000000011 r __func__.4
00000000000578a0 0000000000000008 r __func__.0
00000000000578a8 000000000000000c r __func__.1
00000000000578b8 0000000000000011 r __func__.2
00000000000578d0 0000000000000c00 r grp_9tab
00000000000584d0 0000000000000180 r grp_5tab
0000000000058650 0000000000000060 r grp_3tab
00000000000586b0 0000000000001b00 r layer12_table
000000000005a1b0 0000000000000310 r alloc_4
000000000005a4c0 00000000000001c0 r alloc_3
000000000005a680 0000000000000140 r alloc_2
000000000005a7c0 00000000000004b0 r alloc_1
000000000005ac70 0000000000000480 r alloc_0
000000000005b288 0000000000000016 r __func__.0
000000000005b2a0 0000000000000008 r __func__.1
000000000005b2a8 0000000000000012 r __func__.2
000000000005b2c0 0000000000000011 r __func__.3
000000000005b2d8 00000000000003de r bandInfo
000000000005b6c0 0000000000000200 r i_slen2
000000000005b8c0 0000000000000400 r n_slen2
000000000005bcc0 0000000000000318 r mapbuf2
000000000005bfe0 0000000000000af8 r mapbuf1
000000000005cae0 0000000000000ab0 r mapbuf0
000000000005d590 0000000000000100 r pow2_2
000000000005d690 0000000000000100 r pow1_2
000000000005d790 0000000000000100 r pow2_1
000000000005d890 0000000000000100 r pow1_1
000000000005d990 0000000000000040 r tan2_2
000000000005d9d0 0000000000000040 r tan1_2
000000000005da10 0000000000000040 r tan2_1
000000000005da50 0000000000000040 r tan1_1
000000000005da90 0000000000000240 r win1
000000000005dcd0 0000000000000240 r win
000000000005df10 000000000000803c r ispow
0000000000065f50 000000000000003e r tab_c1
0000000000065f90 000000000000003e r tab_c0
0000000000065fd0 0000000000000800 r tab24_
00000000000667d0 0000000000000820 r tab16_
0000000000066ff0 00000000000007e0 r tab15_
00000000000677d0 00000000000007e0 r tab13_
0000000000067fb0 00000000000001e0 r tab12_
0000000000068190 00000000000001e0 r tab11_
0000000000068370 0000000000000220 r tab10_
0000000000068590 0000000000000100 r tab9_
0000000000068690 0000000000000100 r tab8_
0000000000068790 0000000000000120 r tab7_
00000000000688b0 0000000000000080 r tab6_
0000000000068930 0000000000000060 r tab5_
0000000000068990 0000000000000060 r tab3_
00000000000689f0 0000000000000060 r tab2_
0000000000068a50 0000000000000020 r tab1_
0000000000068a70 0000000000000020 r tab0_
0000000000068bb0 0000000000000060 R __inv_pio4
0000000000068c10 00000000000000e0 R __sincosf_table
0000000000068cf0 0000000000000890 R __log_data
0000000000069580 0000000000000870 R __exp_data
0000000000069df0 0000000000000014 r CSWTCH.1000
0000000000069e10 0000000000000038 r g_nvColorFmtTable
0000000000069e48 0000000000000024 r s_emptyFence.0
0000000000069ee0 0000000000000023 r g_bq_InterfaceDescriptor
0000000000069f08 0000000000000020 r error_table
000000000006a070 0000000000000022 r basefix.0
000000000006a098 0000000000000014 r fpinan.0
000000000006a0b0 0000000000000014 r fpi.1
000000000006a0d0 0000000000000028 r tinytens
000000000006a0f8 0000000000000100 R __hexdig
000000000006a318 0000000000000101 R _ctype_
000000000006a420 000000000000000c r p05.0
000000000006a430 0000000000000028 R __mprec_bigtens
000000000006a458 00000000000000c8 R __mprec_tens
000000000006a620 0000000000000010 r zeroes.0
000000000006a630 0000000000000010 r blanks.1
000000000006a640 000000000000006c R __action_table
000000000006a6b0 000000000000006c R __state_table
000000000006a720 0000000000000100 R __chclass
000000000006a920 0000000000000010 r zeroes.0
000000000006a930 0000000000000010 r blanks.1
000000000006aa40 0000000000000010 r zeroes.0
000000000006aa50 0000000000000010 r blanks.1
000000000006aa60 00000000000037f8 r categories
000000000006e258 r __tls_align
000000000006e260 r __EH_FRAME_BEGIN__
000000000006e260 r __eh_frame_hdr_end
000000000006e260 r __eh_frame_hdr_start
00000000000769a4 r __FRAME_END__
0000000000077000 d __frame_dummy_init_array_entry
0000000000077000 d __init_array_start
0000000000077000 d __preinit_array_end
0000000000077000 d __preinit_array_start
0000000000077000 d __relro_start
0000000000077008 d __do_global_dtors_aux_fini_array_entry
0000000000077008 d __fini_array_start
0000000000077008 d __init_array_end
0000000000077010 d __fini_array_end
0000000000077010 0000000000000020 d text_converters
0000000000077030 00000000000000a8 d decname
00000000000770e0 00000000000000d8 d mapend
00000000000771c0 00000000000000d8 d map
0000000000077298 0000000000000020 d htc
00000000000772b8 0000000000000200 d ht
00000000000774b8 0000000000000100 d romFS_devoptab
00000000000775b8 0000000000000100 d fsdev_devoptab
00000000000776b8 0000000000000100 D dotab_stdnull
00000000000777c0 0000000000000200 d synth_base
00000000000779c0 a _DYNAMIC
0000000000077b10 d __got_start__
0000000000077b10 a _GLOBAL_OFFSET_TABLE_
0000000000077e88 d __got_end__
0000000000078000 d __data_start
0000000000078250 0000000000000060 d bad_reader
00000000000782b0 00000000000001e0 d readers
0000000000078490 0000000000000028 D INT123_pnts
0000000000078590 000000000000002c d pretab_choice
00000000000785c0 0000000000000008 V __nx_applet_init_timeout
00000000000785c8 0000000000000001 V __nx_applet_auto_notifyrunning
00000000000785cc 0000000000000004 V __nx_applet_type
00000000000785d0 0000000000000004 d g_deviceState
00000000000785d4 0000000000000004 V __nx_fs_num_sessions
00000000000785d8 0000000000000004 V __nx_nv_transfermem_size
00000000000785dc 0000000000000004 V __nx_nv_service_type
00000000000785e0 0000000000000004 d g_viServiceType
00000000000785e4 0000000000000004 V __nx_vi_stray_layer_flags
00000000000785e8 0000000000000004 d g_ctrl_fd
00000000000785ec 0000000000000004 d g_nvmap_fd
00000000000785f0 0000000000000008 V __nx_exception_stack_size
00000000000785f8 0000000000000001 V __nx_fsdev_support_cwd
00000000000785fc 0000000000000004 V __nx_fsdev_direntry_cache_size
0000000000078600 0000000000000008 D _impure_ptr
0000000000078608 0000000000000240 D _impure_data
0000000000078848 0000000000000290 D __global_locale
0000000000078ad8 0000000000000008 D __malloc_sbrk_base
0000000000078ae0 0000000000000008 D __malloc_trim_threshold
0000000000078ae8 0000000000000810 D __malloc_av_
00000000000792f8 0000000000000018 D __sglue
0000000000079310 0000000000000008 D environ
0000000000079320 0000000000000400 d _current_working_directory
0000000000079720 0000000000002000 d handles
000000000007b720 0000000000000010 d __stderr_handle
000000000007b730 0000000000000010 d __stdout_handle
000000000007b740 0000000000000010 d __stdin_handle
000000000007b750 0000000000000118 D devoptab_list
000000000007b868 0000000000000004 d defaultDevice
000000000007b870 b __bss_start__
000000000007b870 d __tdata_lma
000000000007b870 d __tdata_lma_end
000000000007b870 b completed.1
000000000007b878 b object.0
000000000007b8b0 0000000000000008 b decoder
000000000007b8b8 0000000000000078 b audio_desc
000000000007b930 0000000000000018 b audio_pcm
000000000007b950 00000000000a48ec b texture
0000000000120240 0000000000000008 b g_appletGuard
0000000000120248 0000000000000001 b g_appletInfoInitialized
0000000000120250 0000000000000050 b g_appletInfo
00000000001202a0 0000000000000004 b g_appletCpuBoostMode
00000000001202a8 000000000000000c b g_appletLibraryAppletLaunchableEvent
00000000001202b4 0000000000000001 b g_appletSuspendedTickInitialized
00000000001202b8 0000000000000008 b g_appletSuspendedTick
00000000001202c0 0000000000000008 b g_appletInitTickBase
00000000001202c8 000000000000000c b g_appletSuspendedTickEvent
00000000001202d4 0000000000000001 b g_appletCopyrightInitialized
00000000001202d8 0000000000000028 b g_appletCopyrightTmem
0000000000120300 0000000000000004 b g_appletRecordingInitialized
0000000000120308 0000000000000028 b g_appletRecordingTmem
0000000000120330 0000000000000018 b g_appletFirstHook
0000000000120348 0000000000000001 b g_appletNotifiedRunning
0000000000120349 0000000000000001 b g_appletFocusState
000000000012034c 0000000000000004 b g_appletPerformanceMode
0000000000120350 0000000000000001 b g_appletOperationMode
0000000000120358 0000000000000008 b g_appletResourceUserId
0000000000120360 000000000000000c b g_appletMessageEvent
0000000000120370 0000000000000010 b g_appletIDebugFunctions
0000000000120380 0000000000000010 b g_appletIDisplayController
0000000000120390 0000000000000010 b g_appletIAudioController
00000000001203a0 0000000000000010 b g_appletIWindowController
00000000001203b0 0000000000000010 b g_appletISelfController
00000000001203c0 0000000000000010 b g_appletICommonStateGetter
00000000001203d0 0000000000000010 b g_appletILibraryAppletCreator
00000000001203e0 0000000000000010 b g_appletIProcessWindingController
00000000001203f0 0000000000000010 b g_appletILibraryAppletSelfAccessor
0000000000120400 0000000000000010 b g_appletIApplicationCreator
0000000000120410 0000000000000010 b g_appletIGlobalStateController
0000000000120420 0000000000000010 b g_appletIFunctions
0000000000120430 0000000000000010 b g_appletIAppletCommonFunctions
0000000000120440 0000000000000004 b g_appletExitProcessResult
0000000000120444 0000000000000001 b g_appletExitProcessFlag
0000000000120445 0000000000000001 b g_appletLeftInitialized
0000000000120448 0000000000000010 b g_appletProxySession
0000000000120458 0000000000000010 b g_appletSrv
0000000000120468 0000000000000004 V __nx_applet_exit_mode
0000000000120470 0000000000000008 V __nx_applet_PerformanceConfiguration
0000000000120478 0000000000000080 V __nx_applet_AppletAttribute
00000000001204f8 0000000000000008 b g_audoutGuard
0000000000120500 0000000000000004 b g_pcmFormat
0000000000120504 0000000000000004 b g_channelCount
0000000000120508 0000000000000004 b g_sampleRate
0000000000120510 000000000000000c b g_audoutBufferEvent
0000000000120520 0000000000000010 b g_audoutIAudioOut
0000000000120530 0000000000000010 b g_audoutSrv
0000000000120540 0000000000000008 b g_smGuard
0000000000120548 0000000000000008 b g_smOverridesNum
0000000000120550 0000000000000180 b g_smOverrides
00000000001206d0 0000000000000010 b g_smSrv
00000000001206e0 0000000000000080 b g_defaultWin
0000000000120760 0000000000000010 b g_viLayer
0000000000120770 0000000000000050 b g_viDisplay
00000000001207c0 0000000000000008 b g_userIdStorage
00000000001207d0 0000000000000010 b g_randomSeed
00000000001207e0 0000000000000001 b g_hasRandomSeed
00000000001207e4 0000000000000004 b g_lastLoadResult
00000000001207e8 0000000000000008 b g_nextLoadArgv
00000000001207f0 0000000000000008 b g_nextLoadPath
00000000001207f8 0000000000000004 b g_processHandle
0000000000120800 0000000000000018 b g_syscallHints
0000000000120818 0000000000000008 b g_overrideArgv
0000000000120820 0000000000000008 b g_overrideHeapSize
0000000000120828 0000000000000008 b g_overrideHeapAddr
0000000000120830 0000000000000008 b g_loaderRetAddr
0000000000120838 0000000000000004 b g_mainThreadHandle
0000000000120840 0000000000000008 b g_loaderInfoSize
0000000000120848 0000000000000008 b g_loaderInfo
0000000000120850 0000000000000001 b g_isNso
0000000000120854 0000000000000004 b g_hosVersion
0000000000120858 0000000000000008 V __romfs_path
0000000000120860 0000000000003b00 b romfs_mounts
0000000000124360 0000000000000001 b romfs_initialised
0000000000124368 B __stack_top
0000000000124370 0000000000000001 b g_IsLegacyKernel
0000000000124378 0000000000000008 b g_Reservations
0000000000124380 0000000000000010 b g_StackRegion
0000000000124390 0000000000000010 b g_AslrRegion
00000000001243a0 0000000000000010 b g_HeapRegion
00000000001243b0 0000000000000010 b g_AliasRegion
00000000001243c0 0000000000000004 b g_VirtmemMutex
00000000001243c8 0000000000000008 b g_apmGuard
00000000001243d0 0000000000000010 b g_apmISession
00000000001243e0 0000000000000010 b g_apmSrv
00000000001243f0 0000000000000008 b g_fsGuard
0000000000124400 0000000000000054 b g_fsSessionMgr
0000000000124458 0000000000000010 b g_fsSrv
0000000000124468 0000000000000008 b g_hidGuard
0000000000124470 0000000000000008 b g_sevenSixAxisSensorBuffer
0000000000124478 0000000000000020 b g_hidSharedmem
0000000000124498 0000000000000010 b g_hidIActiveVibrationDeviceList
00000000001244a8 0000000000000010 b g_hidIAppletResource
00000000001244b8 0000000000000010 b g_hidSrv
00000000001244c8 0000000000000008 b g_nvGuard
00000000001244d0 0000000000000028 b g_nvTransfermem
00000000001244f8 0000000000000010 b g_nvSrvClone
0000000000124508 0000000000000010 b g_nvSrv
0000000000124518 0000000000000008 b g_viGuard
0000000000124520 0000000000000010 b g_viIHOSBinderDriverIndirect
0000000000124530 0000000000000010 b g_viIManagerDisplayService
0000000000124540 0000000000000010 b g_viISystemDisplayService
0000000000124550 0000000000000010 b g_viIHOSBinderDriverRelay
0000000000124560 0000000000000010 b g_viIApplicationDisplayService
0000000000124570 0000000000000010 b g_viRootService
0000000000124580 0000000000000008 V __nx_vi_layer_id
0000000000124588 0000000000000008 b g_nvFenceGuard
0000000000124590 0000000000000300 b g_NvEvents
0000000000124890 0000000000000008 b g_NvEventUsedMask
0000000000124898 0000000000000008 b g_nvMapGuard
00000000001248a0 0000000000000008 b g_argv_empty
00000000001248a8 0000000000000008 B __system_argv
00000000001248b0 0000000000000004 B __system_argc
00000000001248c0 0000000000000340 B __nx_exceptiondump
0000000000124c00 0000000000000004 V __nx_exception_ignoredebug
0000000000124c10 0000000000000400 V __nx_exception_stack
0000000000125010 0000000000000008 V __nx_heap_size
0000000000125018 0000000000000008 b __bootticks
0000000000125020 0000000000000008 b __boottime
0000000000125028 0000000000000004 V __nx_time_type
0000000000125030 0000000000000004 B __nxlink_host
0000000000125040 0000000000002800 b fsdev_fsdevices
0000000000127840 0000000000000004 b fsdev_fsdevice_cwd
0000000000127844 0000000000000001 b fsdev_initialised
0000000000127848 0000000000000004 b g_randMutex
000000000012784c 0000000000000001 b g_randInit
0000000000127850 0000000000000040 b g_chacha
0000000000127890 0000000000000038 b g_mainThread
00000000001278c8 0000000000000008 b g_threadList
00000000001278d0 0000000000000004 b g_threadMutex
00000000001278d8 0000000000000008 b g_setsysGuard
00000000001278e0 0000000000000010 b g_setsysSrv
00000000001278f0 0000000000000008 b g_timeGuard
00000000001278f8 0000000000000020 b g_timeSharedmem
0000000000127918 0000000000000010 b g_timeLocalSystemClock
0000000000127928 0000000000000010 b g_timeTimeZoneService
0000000000127938 0000000000000010 b g_timeSteadyClock
0000000000127948 0000000000000010 b g_timeNetworkSystemClock
0000000000127958 0000000000000010 b g_timeUserSystemClock
0000000000127968 0000000000000010 b g_timeSrv
0000000000127978 0000000000000004 V __nx_time_service_type
0000000000127980 0000000000000050 B __malloc_current_mallinfo
00000000001279d0 0000000000000008 B __malloc_max_total_mem
00000000001279d8 0000000000000008 B __malloc_max_sbrked_mem
00000000001279e0 0000000000000008 B __malloc_top_pad
00000000001279e8 0000000000000008 b __sfp_recursive_mutex
00000000001279f0 0000000000000228 B __sf
0000000000127c18 0000000000000008 B __stdio_exit_handler
0000000000127c20 0000000000000008 b __malloc_recursive_mutex
0000000000127c28 0000000000000008 b __env_recursive_mutex
0000000000127c30 0000000000000004 b alloced.0
0000000000127c38 0000000000000008 b initial_env
0000000000127c40 0000000000000400 b temp_cwd
0000000000128040 0000000000000004 b __hndl_lock
0000000000128048 0000000000000008 B fake_heap_start
0000000000128050 0000000000000008 B fake_heap_end
0000000000128058 0000000000000008 b heap_start.0
0000000000128060 b __tls_start
0000000000128470 b __bss_end__
0000000000128470 b __end__
0000000000128470 b __tls_end
0000000000129000 b __argdata__
